// Jest Snapshot v1, https://goo.gl/fbAQLP

exports[`<Container /> should render 1`] = `
<div
  className="container"
>
  <p>
    Children
  </p>
</div>
`;
