// Jest Snapshot v1, https://goo.gl/fbAQLP

exports[`<Alert /> should render 1`] = `
<div
  className="alert alert-primary"
>
  Alert
</div>
`;
