// Jest Snapshot v1, https://goo.gl/fbAQLP

exports[`<SearchSuggest /> should render 1`] = `
<DropdownMenu
  className="search-suggest"
  data-test-id="search-suggest"
  onClick={[MockFunction]}
>
  <DropdownItem
    className="d-flex justify-content-between align-items-center"
    data-test-id="search-suggest-header"
    isHeader={true}
  >
    Recent Searches
     
    <div
      className="ml-1 text-danger cursor-pointer text-capitalize"
      data-test-id="search-suggest-clear"
      onClick={[MockFunction]}
    >
      Clear All
    </div>
  </DropdownItem>
  <DropdownItem
    className="d-flex justify-content-between align-items-center"
    data-test-id="search-suggest-item"
    key="0"
    onClick={[Function]}
  >
    <div
      dangerouslySetInnerHTML={
        Object {
          "__html": "<strong>T</strong>wo",
        }
      }
    />
    <Icon
      className="ml-1"
      data-test-id="search-suggest-remove"
      name="close"
      onClick={[Function]}
    />
  </DropdownItem>
  <DropdownItem
    className="d-flex justify-content-between align-items-center"
    data-test-id="search-suggest-item"
    key="1"
    onClick={[Function]}
  >
    <div
      dangerouslySetInnerHTML={
        Object {
          "__html": "<strong>T</strong>hree",
        }
      }
    />
    <Icon
      className="ml-1"
      data-test-id="search-suggest-remove"
      name="close"
      onClick={[Function]}
    />
  </DropdownItem>
  <DropdownItem
    className="d-flex justify-content-between align-items-center"
    data-test-id="search-suggest-item"
    key="2"
    onClick={[Function]}
  >
    <div
      dangerouslySetInnerHTML={
        Object {
          "__html": "Eigh<strong>t</strong>",
        }
      }
    />
    <Icon
      className="ml-1"
      data-test-id="search-suggest-remove"
      name="close"
      onClick={[Function]}
    />
  </DropdownItem>
  <DropdownItem
    className="d-flex justify-content-between align-items-center"
    data-test-id="search-suggest-item"
    key="3"
    onClick={[Function]}
  >
    <div
      dangerouslySetInnerHTML={
        Object {
          "__html": "<strong>T</strong>en",
        }
      }
    />
    <Icon
      className="ml-1"
      data-test-id="search-suggest-remove"
      name="close"
      onClick={[Function]}
    />
  </DropdownItem>
  <DropdownItem
    className="d-flex justify-content-between align-items-center"
    data-test-id="search-suggest-item"
    key="4"
    onClick={[Function]}
  >
    <div
      dangerouslySetInnerHTML={
        Object {
          "__html": "<strong>T</strong>welve",
        }
      }
    />
    <Icon
      className="ml-1"
      data-test-id="search-suggest-remove"
      name="close"
      onClick={[Function]}
    />
  </DropdownItem>
</DropdownMenu>
`;
