// Jest Snapshot v1, https://goo.gl/fbAQLP

exports[`<Icon /> should render 1`] = `
<svg
  className="icon"
  height={30}
  onMouseEnter={[Function]}
  onMouseLeave={[Function]}
  style={
    Object {
      "fill": "#ff0000",
    }
  }
  viewBox="0 0 24 24"
  width={30}
>
  <g
    fillRule="nonzero"
  >
    <path
      d="M-2-5h24v24H-2z"
      fill="none"
    />
    <path
      d="M4.5883 15H.8613C.3855 15 0 14.6427 0 14.2017V.7983C0 .3573.3855 0 .8613 0h3.727c.4758 0 .8613.3573.8613.7983v13.4034c-.0007.441-.3862.7983-.8613.7983zm7.2749 0h-3.727c-.4759 0-.8613-.3573-.8613-.7983V3.6765c0-.441.3854-.7983.8612-.7983h3.727c.4759 0 .8614.3573.8614.7983v10.5252c0 .441-.3855.7983-.8613.7983zm7.2755 0h-3.727c-.4758 0-.8613-.3573-.8613-.7983V6.258c0-.441.3855-.7983.8613-.7983h3.727c.4758 0 .8613.3573.8613.7983v7.9436c0 .441-.3855.7983-.8613.7983z"
    />
  </g>
</svg>
`;
