// Jest Snapshot v1, https://goo.gl/fbAQLP

exports[`<Card /> should render 1`] = `
<div
  className="card"
>
  <p>
    Children
  </p>
</div>
`;
