// Jest Snapshot v1, https://goo.gl/fbAQLP

exports[`<Nav /> should render 1`] = `
<ul
  className="nav"
/>
`;

exports[`<Nav /> should render with a wrapper 1`] = `
<div
  className="overflow-hidden"
>
  <ul
    className="nav"
  />
</div>
`;
