// Jest Snapshot v1, https://goo.gl/fbAQLP

exports[`<Row /> should render 1`] = `
<div
  className="row"
>
  <p>
    Children
  </p>
</div>
`;
