// Jest Snapshot v1, https://goo.gl/fbAQLP

exports[`<Progress /> should render 1`] = `
<div
  className="progress"
  data-test-id="progress"
  style={
    Object {
      "fontSize": "0.75rem",
      "height": "1.25rem",
    }
  }
>
  <div
    aria-valuemax={100}
    aria-valuemin={0}
    aria-valuenow={0}
    className="progress-bar bg-gradient-primary-x bg-primary"
    data-test-id="progress-bar"
    role="progressbar"
    style={
      Object {
        "width": "0%",
      }
    }
  >
    <span
      className="fw-bold"
    />
  </div>
</div>
`;
