// Jest Snapshot v1, https://goo.gl/fbAQLP

exports[`<Progress /> should render 1`] = `
<div
  className="progress"
  data-test-id="progress"
>
  <div
    aria-valuemax="100"
    aria-valuemin="0"
    aria-valuenow="25"
    className="progress-bar bg-primary"
    data-test-id="progress-bar"
    role="progressbar"
    style={
      Object {
        "width": "0%",
      }
    }
  />
</div>
`;
