// Jest Snapshot v1, https://goo.gl/fbAQLP

exports[`<InspirationPostCardGhost /> should render 1`] = `
<Card
  className="post-card-ghost bg-gray-200 border-0 overflow-hidden"
>
  <div
    className="d-flex align-items-top px-2 pt-2 pb-0"
  >
    <div
      className="ghost rounded-circle mr-2 mb-0"
      style={
        Object {
          "height": "35px",
          "width": "35px",
        }
      }
    />
    <div
      className="flex-fill"
    >
      <div
        className="ghost ghost-lg w-75"
      />
      <div
        className="ghost w-50"
      />
      <div
        className="ghost w-50 mb-0"
      />
    </div>
    <div
      className="ghost rounded-sm"
      style={
        Object {
          "height": "26px",
          "width": "26px",
        }
      }
    />
  </div>
  <div
    className="p-2"
  >
    <div
      className="ghost ghost-sm"
    />
    <div
      className="ghost ghost-sm"
    />
    <div
      className="ghost ghost-sm"
    />
    <div
      className="ghost ghost-sm"
    />
    <div
      className="ghost ghost-sm mb-0 w-75"
    />
  </div>
  <div
    className="ghost mb-0"
    style={
      Object {
        "height": "164px",
      }
    }
  />
</Card>
`;
