// Jest Snapshot v1, https://goo.gl/fbAQLP

exports[`generateJSOutput should return expected format 1`] = `
"
  // Warning: do not edit this file manually, it is generated by a script
  // To add add or update an icon, place it in the src/icons directory and run yarn build:icons

<<<<<<< HEAD
  import React from 'react';

  export default {
    analytics: ([object Object]),
comment: ([object Object]),

=======
  // @flow
  import React from 'react';

  export type IconNameType = 'analytics' | 'comment';

  export default {
    analytics: ([object Object]),comment: ([object Object])
>>>>>>> master
  }
"
`;
