// Jest Snapshot v1, https://goo.gl/fbAQLP

exports[`<PostContent /> should render 1`] = `
<div
  className="post-content my-1 mx-2 font-weight-light"
>
  <Dotdotdot
    clamp={5}
    tagName="div"
    truncationChar="â€¦"
    useNativeClamp={true}
  >
    Buttle UK helped more than 3,000 vulnerable families buy beds for their children last year. It fears thousands more across the UK may lack a bed of their own, leading to problems concentrating in school. The government said its welfare reforms were "supporting those who need it most".
  </Dotdotdot>
</div>
`;
