// Jest Snapshot v1, https://goo.gl/fbAQLP

exports[`<FormGroup /> should render 1`] = `
<div
  className="form-group"
/>
`;
