// Jest Snapshot v1, https://goo.gl/fbAQLP

exports[`<DropdownItem /> should render 1`] = `
<div
  className="dropdown-item"
  onClick={[MockFunction]}
>
  <Icon
    className="mr-1"
    name="edit"
  />
  <span>
    Edit
  </span>
</div>
`;
