// Jest Snapshot v1, https://goo.gl/fbAQLP

exports[`<CharacterCounter /> should render 1`] = `
<div
  className="character-counter"
>
  <Icon
    name="multipleSocialProvider"
  />
  4
  /5
</div>
`;
