// Jest Snapshot v1, https://goo.gl/fbAQLP

exports[`<DropdownItem /> should render 1`] = `
<div
  className="dropdown-item clickable"
  onClick={[Function]}
>
  <span>
    some menu item
  </span>
</div>
`;
