// Jest Snapshot v1, https://goo.gl/fbAQLP

exports[`<InspirationPostCard /> should render 1`] = `
<Card
  className="inspiration-post-card"
>
  <div
    className="inspiration-post-card__header"
  >
    <div
      style={
        Object {
          "height": "35px",
          "minHeight": "35px",
          "minWidth": "35px",
          "width": "35px",
        }
      }
    >
      <Avatar
        provider="twitter"
        url="http://foo.com/avatar.jpg"
      />
    </div>
    <div
      className="mx-1"
      style={
        Object {
          "flex": 1,
          "minWidth": 0,
        }
      }
    >
      <h1
        className="inspiration-post-card__title"
      >
        Hope For Children
      </h1>
      <div
        className="inspiration-post-card__date"
      >
        22 Aug 18 - 14:34
      </div>
    </div>
  </div>
  <div
    className="inspiration-post-card__content"
  >
    <Responsive(HTMLEllipsis)
      basedOn="words"
      ellipsis="..."
      innerRef={[Function]}
      maxLine={5}
      unsafeHTML="Buttle UK helped more than 3,000 vulnerable families buy beds for their children last year. It fears thousands more across the UK may lack a bed of their own, leading to problems concentrating in school. The government said its welfare reforms were \\"supporting those who need it most\\"."
    />
  </div>
  <div
    className="inspiration-post-card__media"
  />
  <div
    className="inspiration-post-card__tags d-flex align-items-center bg-gray-200 px-2 py-1"
  >
    <div
      className="d-flex align-items-center text-gray-900 fw-bold me-1"
    >
      4
       
      <Icon
        isActive={true}
        name="tag"
        style={
          Object {
            "marginLeft": "2px",
          }
        }
        theme="gray-500"
      />
    </div>
    <div
      className="d-flex flex-fill"
      style={
        Object {
          "minWidth": 0,
        }
      }
    >
      <Tag
        className="text-xs me-1"
        key="0"
        theme="light"
      >
        charity
      </Tag>
      <Tag
        className="text-xs me-1"
        key="1"
        theme="light"
      >
        social for good
      </Tag>
      <Tag
        className="text-xs "
        key="2"
        theme="light"
      >
        campaigns
      </Tag>
    </div>
    <div
      className="inspiration-post-card__tags-more"
    >
      +
      1
    </div>
  </div>
  <div
    className="inspiration-post-card__metrics"
  >
    <div
      className="inspiration-post-card__metric"
      key="likes"
    >
      <span>
        10
      </span>
       
      likes
    </div>
    <div
      className="inspiration-post-card__metric"
      key="shares"
    >
      <span>
        5
      </span>
       
      shares
    </div>
  </div>
  <div
    className="inspiration-post-card__inspiration-actions"
  >
    <Icon
      isActive={false}
      key="0"
      name="follow"
      onClick={[Function]}
      theme="gray-500"
      title="follow"
    />
    <Icon
      isActive={true}
      key="1"
      name="like"
      onClick={[Function]}
      theme="gray-500"
      title="like"
    />
  </div>
</Card>
`;
