// Jest Snapshot v1, https://goo.gl/fbAQLP

exports[`<Badge /> should render 1`] = `
<div
  className="badge text-uppercase text-truncate mw-100 badge-primary"
  style={
    Object {
      "backgroundColor": undefined,
    }
  }
>
  Badge
</div>
`;
