// Jest Snapshot v1, https://goo.gl/fbAQLP

exports[`<Badge /> should render 1`] = `
<div
  className="badge bg-primary text-truncate mw-100"
  style={
    Object {
      "backgroundColor": undefined,
    }
  }
>
  Badge
</div>
`;
